------------------------------------------------------------
Timing Analyzer Summary
------------------------------------------------------------

Type  : Slow 1100mV 85C Model Setup 'clk'
Slack : -9.035
TNS   : -11914.848

Type  : Slow 1100mV 85C Model Hold 'clk'
Slack : 0.248
TNS   : 0.000

Type  : Slow 1100mV 85C Model Recovery 'clk'
Slack : -0.236
TNS   : -0.788

Type  : Slow 1100mV 85C Model Removal 'clk'
Slack : 0.428
TNS   : 0.000

Type  : Slow 1100mV 85C Model Minimum Pulse Width 'clk'
Slack : -2.174
TNS   : -3288.875

Type  : Slow 1100mV 0C Model Setup 'clk'
Slack : -8.923
TNS   : -11840.173

Type  : Slow 1100mV 0C Model Hold 'clk'
Slack : 0.215
TNS   : 0.000

Type  : Slow 1100mV 0C Model Recovery 'clk'
Slack : -0.152
TNS   : -0.433

Type  : Slow 1100mV 0C Model Removal 'clk'
Slack : 0.352
TNS   : 0.000

Type  : Slow 1100mV 0C Model Minimum Pulse Width 'clk'
Slack : -2.174
TNS   : -3493.448

Type  : Fast 1100mV 85C Model Setup 'clk'
Slack : -4.903
TNS   : -5569.328

Type  : Fast 1100mV 85C Model Hold 'clk'
Slack : 0.151
TNS   : 0.000

Type  : Fast 1100mV 85C Model Recovery 'clk'
Slack : 0.248
TNS   : 0.000

Type  : Fast 1100mV 85C Model Removal 'clk'
Slack : 0.217
TNS   : 0.000

Type  : Fast 1100mV 85C Model Minimum Pulse Width 'clk'
Slack : -2.174
TNS   : -1394.204

Type  : Fast 1100mV 0C Model Setup 'clk'
Slack : -4.381
TNS   : -4881.524

Type  : Fast 1100mV 0C Model Hold 'clk'
Slack : 0.130
TNS   : 0.000

Type  : Fast 1100mV 0C Model Recovery 'clk'
Slack : 0.322
TNS   : 0.000

Type  : Fast 1100mV 0C Model Removal 'clk'
Slack : 0.162
TNS   : 0.000

Type  : Fast 1100mV 0C Model Minimum Pulse Width 'clk'
Slack : -2.174
TNS   : -1404.627

------------------------------------------------------------
